2026-09-04 18:20:51,273 [INFO] GATE SOL_A_SAFE67_BASE    cess-1 | Up 0.680 mom=+0.070 | PASS
2026-09-04 18:20:51,275 [WARNING] 🔴 LIVE BUY SOL_A_SAFE67_BASE    ENTRY   Up | 5.0000sh @ 0.6800 | limit 0.6800 | status=matched
2026-09-04 18:20:51,278 [WARNING] LIVE TP NO-MATCH SOL_A_SAFE67_BASE | Up 5.0000sh limit=0.8300 | retry-safe; will retry only while NET TP condition remains true
2026-09-04 18:20:51,283 [WARNING] 🔴 LIVE SELL SOL_A_SAFE67_BASE    TAKE_PROFIT Up | 5.0000sh @ 0.8300 | limit 0.8300 | status=matched
2026-09-04 18:20:51,285 [INFO] GATE ETH_A_SAFE67_BASE    tion-2 | Up 0.680 mom=+0.070 | PASS
2026-09-04 18:20:51,286 [WARNING] 🔴 LIVE BUY ETH_A_SAFE67_BASE    ENTRY   Up | 5.0000sh @ 0.6800 | limit 0.6800 | status=matched
2026-09-04 18:20:51,300 [WARNING] LIVE TP NO-MATCH ETH_A_SAFE67_BASE | Up 5.0000sh limit=0.8300 | retry-safe; will retry only while NET TP condition remains true
2026-09-04 18:20:51,304 [WARNING] LIVE TP NO-MATCH ETH_A_SAFE67_BASE | Up 5.0000sh limit=0.8300 | retry-safe; will retry only while NET TP condition remains true
2026-09-04 18:20:51,306 [INFO] GATE XRP_A_SAFE67_BASE    uous-3 | Up 0.680 mom=+0.070 | PASS
2026-09-04 18:20:51,307 [WARNING] 🔴 LIVE BUY XRP_A_SAFE67_BASE    ENTRY   Up | 5.0000sh @ 0.6800 | limit 0.6800 | status=matched
2026-09-04 18:20:51,328 [ERROR] LIVE order failed | XRP_A_SAFE67_BASE SELL TAKE_PROFIT
Traceback (most recent call last):
  File "/mnt/data/polymarket_multi7_abce_paper_live_telegram_tp_retry_v2/main.py", line 1936, in execute_live_fak
    response = await live_client.post_order(fak_order)
               ^^^^^^^^^^^^^^^^^^^^^^^^^^^^^^^^^^^^^^^
  File "/mnt/data/polymarket_multi7_abce_paper_live_telegram_tp_retry_v2/test_tp_sell_retry.py", line 88, in post_order
    raise TransportError("503 No exit node")
TransportError: 503 No exit node
2026-09-04 18:20:51,332 [ERROR] LIVE FAIL-CLOSED XRP_A_SAFE67_BASE SELL TAKE_PROFIT: previous submission is ambiguous
LIVE TP deterministic FAK no-match retry regression: OK
NO MATCH -> retry while TP valid: OK
NO MATCH -> pause retry when TP invalid: OK
True ambiguous transport error remains fail-closed: OK
